[meta] HOST=bml-compute07
[meta] JOBID=10410
[meta] PROJECT_ROOT=/home/work/jeongmin/thinker-dynamic
[meta] WORKDIR=/scratch/jeongmin/dt-10410/p
[meta] XPID=dynamic-enduro-v5-test-10410
[meta] SLURM_JOB_PARTITION=titanrtx
[meta] SLURM_JOB_NODELIST=bml-compute07
[meta] SLURM_CPUS_PER_TASK=16
[meta] SLURM_MEM_PER_NODE=128743
[meta] SLURM_JOB_GPUS=0,1
[meta] CUDA_VISIBLE_DEVICES=0,1
[stage-in] syncing current Dynamic Thinker source
[env] python=/home/jeongmin/miniconda3/envs/thinker/bin/python
Python 3.10.20
[preflight] importing Dynamic Thinker and Enduro-v5
[preflight] cenv= /scratch/jeongmin/dt-10410/p/thinker/thinker/cenv.cpython-310-x86_64-linux-gnu.so
[preflight] Enduro observation= (1, 4, 84, 84) uint8
[run] /home/jeongmin/miniconda3/envs/thinker/bin/python train.py --name Enduro-v5 --xpid dynamic-enduro-v5-test-10410 --dynamic_search True --wrapper_type 0 --max_search_steps 40 --think_cost 0.002 --reward_clip 1 --model_size_nn 2 --discounting 0.99 --envpool True --auto_res False --ray_cpu 16 --ray_gpu 2 --gpu_learn 1 --gpu_learn_actor 0.5 --gpu_self_play 0.5 --use_wandb False
[periodic-stage-out] syncing training logs
[periodic-stage-out] syncing training logs
[stage-out] syncing training logs
